<< CAP LS
<< NICK elfoo
<< USER elfoo elfoo irc.dal.net :elfoo
>> :bifrost.ca.us.dal.net NOTICE AUTH :*** Looking up your hostname...
>> :bifrost.ca.us.dal.net NOTICE AUTH :*** Checking Ident
>> :bifrost.ca.us.dal.net NOTICE AUTH :*** Your forward and reverse DNS do not match, ignoring hostname. [203.149.201.182 != 203.149.201.178]
>> :bifrost.ca.us.dal.net NOTICE AUTH :*** Found your hostname
>> :bifrost.ca.us.dal.net NOTICE AUTH :*** No Ident response
>> :bifrost.ca.us.dal.net 001 elfoo :Welcome to the DALnet IRC Network elfoo!~elfoo@203.149.201.178
<< MODE elfoo +i
>> :bifrost.ca.us.dal.net 002 elfoo :Your host is bifrost.ca.us.dal.net, running version bahamut-2.2.2
>> :bifrost.ca.us.dal.net 003 elfoo :This server was created Wed Oct 12 2022 at 17:21:47 EDT
>> :bifrost.ca.us.dal.net 004 elfoo bifrost.ca.us.dal.net bahamut-2.2.2 aAbcCdefFghHiIjkKmnoOPrRsSwxXy AbceiIjklLmMnoOpPrRsStv beIjklov
>> :bifrost.ca.us.dal.net 005 elfoo NETWORK=DALnet SAFELIST MAXBANS=200 MAXCHANNELS=30 CHANNELLEN=32 KICKLEN=307 NICKLEN=30 TOPICLEN=307 MODES=6 CHANTYPES=# CHANLIMIT=#:30 PREFIX=(ohv)@%+ STATUSMSG=@%+ :are available on this server
>> :bifrost.ca.us.dal.net 005 elfoo CASEMAPPING=ascii WATCH=128 SILENCE=10 ELIST=cmntu EXCEPTS INVEX CHANMODES=beI,k,jl,ciPAmMnOprRsSt MAXLIST=b:200,e:100,I:100 TARGMAX=DCCALLOW:,JOIN:,KICK:4,KILL:20,NOTICE:20,PART:,PRIVMSG:20,WHOIS:,WHOWAS: :are available on this server
>> :bifrost.ca.us.dal.net 251 elfoo :There are 89 users and 6500 invisible on 39 servers
>> :bifrost.ca.us.dal.net 252 elfoo 84 :IRC Operators online
>> :bifrost.ca.us.dal.net 254 elfoo 3502 :channels formed
>> :bifrost.ca.us.dal.net 255 elfoo :I have 225 clients and 1 servers
>> :bifrost.ca.us.dal.net 265 elfoo :Current local users: 225 Max: 601
>> :bifrost.ca.us.dal.net 266 elfoo :Current global users: 6589 Max: 12060
>> :bifrost.ca.us.dal.net NOTICE elfoo :*** Notice -- motd was last changed at 7/10/2024 22:36
>> :bifrost.ca.us.dal.net NOTICE elfoo :*** Notice -- Please read the motd if you haven't read it
>> :bifrost.ca.us.dal.net 375 elfoo :- bifrost.ca.us.dal.net Message of the Day -
>> :bifrost.ca.us.dal.net 372 elfoo :-
>> :bifrost.ca.us.dal.net 372 elfoo :-            *
>> :bifrost.ca.us.dal.net 372 elfoo :- *  /\     The rainbow bridge
>> :bifrost.ca.us.dal.net 372 elfoo :-       (())  leading from Asgard to Midgard.
>> :bifrost.ca.us.dal.net 372 elfoo :-      ((OO))*
>> :bifrost.ca.us.dal.net 372 elfoo :-       (())  _     _  __               _
>> :bifrost.ca.us.dal.net 372 elfoo :-    00      | |__ (_)/ _|_ __ ___  ___| |_
>> :bifrost.ca.us.dal.net 372 elfoo :-    ||)     | '_ \| | |_| '__/ _ \/ __| __|
>> :bifrost.ca.us.dal.net 372 elfoo :-    |/      | |_) | |  _| | | (_) \__ \ |_
>> :bifrost.ca.us.dal.net 372 elfoo :-   (||      |_.__/|_|_| |_|  \___/|___/\__|
>> :bifrost.ca.us.dal.net 372 elfoo :-    ||                bifrost.ca.us.dal.net
>> :bifrost.ca.us.dal.net 372 elfoo :-    ||)
>> :bifrost.ca.us.dal.net 372 elfoo :-    |/   .__Administrators___________________.
>> :bifrost.ca.us.dal.net 372 elfoo :-   (||   | * heimdall   [heimdall@dal.net]   |
>> :bifrost.ca.us.dal.net 372 elfoo :-    ||   | * tau        [tau@dal.net]        |
>> :bifrost.ca.us.dal.net 372 elfoo :-    ||)  |                                   |
>> :bifrost.ca.us.dal.net 372 elfoo :-    |/   .__Operators________________________.
>> :bifrost.ca.us.dal.net 372 elfoo :-   (||   | * adam       [adam@dal.net]       |
>> :bifrost.ca.us.dal.net 372 elfoo :-    ||   | * chalcedony [chalcedony@dal.net] |
>> :bifrost.ca.us.dal.net 372 elfoo :-    ||)  | * Estella    [estella@dal.net]    |
>> :bifrost.ca.us.dal.net 372 elfoo :-    |/   | * jeian      [jeian@dal.net]      |
>> :bifrost.ca.us.dal.net 372 elfoo :-   (||   | * knas       [knas@dal.net]       |
>> :bifrost.ca.us.dal.net 372 elfoo :-    ||   | * phil       [phil@dal.net]       |
>> :bifrost.ca.us.dal.net 372 elfoo :-    ||)  | * Mobscene   [mobscene@dal.net]   |
>> :bifrost.ca.us.dal.net 372 elfoo :-    |/   |                                   |
>> :bifrost.ca.us.dal.net 372 elfoo :-   (||   .__Rules____________________________.
>> :bifrost.ca.us.dal.net 372 elfoo :-    ||   | * No malicious bots.              |
>> :bifrost.ca.us.dal.net 372 elfoo :-    ||)  | * No channel fillers of any kind. |
>> :bifrost.ca.us.dal.net 372 elfoo :-    |/   | * No user/operator impersonators. |
>> :bifrost.ca.us.dal.net 372 elfoo :-   (|/   |                                   |
>> :bifrost.ca.us.dal.net 372 elfoo :-    ||   .__Channels_________________________.
>> :bifrost.ca.us.dal.net 372 elfoo :-    ||   | * #OperHelp -> IRC Operator help  |
>> :bifrost.ca.us.dal.net 372 elfoo :-    ||   | * #Help -> IRC/services help      |
>> :bifrost.ca.us.dal.net 372 elfoo :-    ||   | * #Dragonrealm -> Network base    |
>> :bifrost.ca.us.dal.net 372 elfoo :-   (OO)   ~~~~~~~~~~~~~~~~~~~~~~~~~~~~~~~~~~~
>> :bifrost.ca.us.dal.net 372 elfoo :-    ()
>> :bifrost.ca.us.dal.net 372 elfoo :-
>> :bifrost.ca.us.dal.net 372 elfoo :-        In loving memory of Carlos Anibarro.
>> :bifrost.ca.us.dal.net 372 elfoo :-
>> :bifrost.ca.us.dal.net 372 elfoo :-    By connecting to this network, you agree to
>> :bifrost.ca.us.dal.net 372 elfoo :-    abide by its acceptable use policy (AUP),
>> :bifrost.ca.us.dal.net 372 elfoo :-    available on our website:
>> :bifrost.ca.us.dal.net 372 elfoo :-                      https://www.dal.net/aup
>> :bifrost.ca.us.dal.net 376 elfoo :End of /MOTD command.
>> :elfoo MODE elfoo :+iH
<< PING bifrost.ca.us.dal.net
>> :bifrost.ca.us.dal.net PONG bifrost.ca.us.dal.net :elfoo
--> lag pong
<< JOIN #hello
>> :elfoo!~elfoo@5626-2a9c-92a4-503c-675e.149.203.ip JOIN :#hello
>> :bifrost.ca.us.dal.net 353 elfoo = #hello :@elfoo
>> :bifrost.ca.us.dal.net 366 elfoo #hello :End of /NAMES list.
<< MODE #hello
>> :bifrost.ca.us.dal.net 324 elfoo #hello +
--> chanquery mode
<< WHO #hello
>> :bifrost.ca.us.dal.net 329 elfoo #hello 1757077030
--> event 329
>> :bifrost.ca.us.dal.net 352 elfoo #hello ~elfoo 5626-2a9c-92a4-503c-675e.149.203.ip bifrost.ca.us.dal.net elfoo H@ :0 elfoo
--> silent event who
>> :bifrost.ca.us.dal.net 315 elfoo #hello :End of /WHO list.
--> chanquery who end
<< MODE #hello b
>> :bifrost.ca.us.dal.net 368 elfoo #hello :End of Channel Ban List
--> chanquery ban end
<< INVITE #hello elfoo123
>> :bifrost.ca.us.dal.net 401 elfoo #hello :No such nick/channel
<< PING bifrost.ca.us.dal.net
>> :bifrost.ca.us.dal.net PONG bifrost.ca.us.dal.net :elfoo
--> lag pong
<< INVITE elfoo123 #hello
>> :bifrost.ca.us.dal.net 401 elfoo elfoo123 :No such nick/channel
<< INVITE elfoo_ #hello
>> :bifrost.ca.us.dal.net 341 elfoo elfoo_ #hello
>> :bitcoin.uk.eu.dal.net NOTICE @#hello :elfoo invited elfoo_ into channel #hello
<< PING bifrost.ca.us.dal.net
>> :bifrost.ca.us.dal.net PONG bifrost.ca.us.dal.net :elfoo
--> lag pong
<< QUIT :leaving
