<< CAP LS
<< PASS pass
<< NICK anteo
<< USER anteo anteo 0 :Angelly Teo
>> :IRCh 001 anteo :Welcome to the Internet Relay Network anteo!anteo@127.0.0.1
<< MODE anteo +i
>> :IRCh 002 anteo :Your host is IRCh, running version 1.0
>> :IRCh 003 anteo :This server was created 2025-08-23
>> :IRCh 004 anteo IRCh 1.0   [chanmodes_with_a_parameter]
>> :IRCh 375 anteo :- IRCh Message of the Day -
>> :IRCh 372 anteo :- ╭─────────────────────── Welcome To ────────────────────────╮
>> :IRCh 372 anteo :- 
>> :IRCh 372 anteo :-  8888888  8888888b.    .d8888b.   888         ╭─┬─╭─╭─╮╮
>> :IRCh 372 anteo :-    888    888   Y88b  d88P  Y88b  888         │ │ ├▓┼▓┤│
>> :IRCh 372 anteo :-    888    888    888  888    888  888         │ │ ╰─╰──────╮
>> :IRCh 372 anteo :-    888    888   d88P  888         888.d888b.  \ /         ◢▉◣
>> :IRCh 372 anteo :-    888    8888888P"   888         88Y    Y8h   │          ▉▉▉
>> :IRCh 372 anteo :-    888    888 T88b    888    888  888    888e  │          ◥▉◤
>> :IRCh 372 anteo :-    888    888  T88b   Y88b  d88P  888    888a  │    ╰─┬────╯
>> :IRCh 372 anteo :-  8888888  888   T88b   "Y8888P"   888    888r  ╞══════╡
>> :IRCh 372 anteo :- 
>> :IRCh 372 anteo :-  ──────────────────────── About Us ─────────────────────────
>> :IRCh 372 anteo :-      Meet our IRC mascot, Bentley (also @hulim's pet)!
>> :IRCh 372 anteo :-      Special thanks to @hulim for designing the class
>> :IRCh 372 anteo :-          structure of our IRC server components.
>> :IRCh 372 anteo :-             Created by: @hulim, @anteo, @elfoo
>> :IRCh 372 anteo :- 
>> :IRCh 372 anteo :-  ────────────────────── Server Rules ───────────────────────
>> :IRCh 372 anteo :-        1. Be kind and respectful to others
>> :IRCh 372 anteo :-        2. No spamming, flooding, or excessive messages
>> :IRCh 372 anteo :-        3. Zero tolerance for hate speech or harassment
>> :IRCh 372 anteo :-        4. Keep conversations family-friendly
>> :IRCh 372 anteo :- 
>> :IRCh 372 anteo :-  ─────────────────────── Need Help? ────────────────────────
>> :IRCh 372 anteo :-           Check out [https://irssi.org/New-users/]
>> :IRCh 372 anteo :-               Contact an admin for assistance
>> :IRCh 372 anteo :- 
>> :IRCh 372 anteo :-                  Thank you for choosing IRCh!
>> :IRCh 372 anteo :-                Enjoy your stay! (ﾉ◕ ヮ◕)ﾉ*:・ﾟ✧
>> :IRCh 372 anteo :- ╰───────────────────────────────────────────────────────────╯
>> :IRCh 376 anteo :End of /MOTD command.
>> :IRCh 501 anteo :This server does not support user modes
>> :IRCh 403 anteo anteo :No such channel
<< PING IRCh
>> :IRCh PONG IRCh :anteo
--> lag pong
<< JOIN #helluu
>> :anteo!anteo@127.0.0.1 JOIN :#helluu
>> :IRCh 353 anteo = #helluu :@anteo
>> :IRCh 366 anteo #helluu :End of /NAMES list.
<< MODE #helluu
>> :IRCh 324 anteo #helluu + 
--> chanquery mode
<< WHO #helluu
<< MODE #helluu +i
<< QUIT :leaving
