<< CAP LS
<< NICK anteo
<< USER anteo anteo irc.dal.net :anteo
>> :bifrost.ca.us.dal.net NOTICE AUTH :*** Looking up your hostname...
>> :bifrost.ca.us.dal.net NOTICE AUTH :*** Checking Ident
>> :bifrost.ca.us.dal.net NOTICE AUTH :*** Your forward and reverse DNS do not match, ignoring hostname. [203.149.201.182 != 203.149.201.178]
>> :bifrost.ca.us.dal.net NOTICE AUTH :*** Found your hostname
>> :bifrost.ca.us.dal.net NOTICE AUTH :*** No Ident response
>> :bifrost.ca.us.dal.net 001 anteo :Welcome to the DALnet IRC Network anteo!~anteo@203.149.201.178
<< MODE anteo +i
>> :bifrost.ca.us.dal.net 002 anteo :Your host is bifrost.ca.us.dal.net, running version bahamut-2.2.2
>> :bifrost.ca.us.dal.net 003 anteo :This server was created Wed Oct 12 2022 at 17:21:47 EDT
>> :bifrost.ca.us.dal.net 004 anteo bifrost.ca.us.dal.net bahamut-2.2.2 aAbcCdefFghHiIjkKmnoOPrRsSwxXy AbceiIjklLmMnoOpPrRsStv beIjklov
>> :bifrost.ca.us.dal.net 005 anteo NETWORK=DALnet SAFELIST MAXBANS=200 MAXCHANNELS=30 CHANNELLEN=32 KICKLEN=307 NICKLEN=30 TOPICLEN=307 MODES=6 CHANTYPES=# CHANLIMIT=#:30 PREFIX=(ohv)@%+ STATUSMSG=@%+ :are available on this server
>> :bifrost.ca.us.dal.net 005 anteo CASEMAPPING=ascii WATCH=128 SILENCE=10 ELIST=cmntu EXCEPTS INVEX CHANMODES=beI,k,jl,ciPAmMnOprRsSt MAXLIST=b:200,e:100,I:100 TARGMAX=DCCALLOW:,JOIN:,KICK:4,KILL:20,NOTICE:20,PART:,PRIVMSG:20,WHOIS:,WHOWAS: :are available on this server
>> :bifrost.ca.us.dal.net 251 anteo :There are 89 users and 6304 invisible on 39 servers
>> :bifrost.ca.us.dal.net 252 anteo 83 :IRC Operators online
>> :bifrost.ca.us.dal.net 254 anteo 3485 :channels formed
>> :bifrost.ca.us.dal.net 255 anteo :I have 225 clients and 1 servers
>> :bifrost.ca.us.dal.net 265 anteo :Current local users: 225 Max: 601
>> :bifrost.ca.us.dal.net 266 anteo :Current global users: 6393 Max: 12060
>> :bifrost.ca.us.dal.net NOTICE anteo :*** Notice -- motd was last changed at 7/10/2024 22:36
>> :bifrost.ca.us.dal.net NOTICE anteo :*** Notice -- Please read the motd if you haven't read it
>> :bifrost.ca.us.dal.net 375 anteo :- bifrost.ca.us.dal.net Message of the Day -
>> :bifrost.ca.us.dal.net 372 anteo :-
>> :bifrost.ca.us.dal.net 372 anteo :-            *
>> :bifrost.ca.us.dal.net 372 anteo :- *  /\     The rainbow bridge
>> :bifrost.ca.us.dal.net 372 anteo :-       (())  leading from Asgard to Midgard.
>> :bifrost.ca.us.dal.net 372 anteo :-      ((OO))*
>> :bifrost.ca.us.dal.net 372 anteo :-       (())  _     _  __               _
>> :bifrost.ca.us.dal.net 372 anteo :-    00      | |__ (_)/ _|_ __ ___  ___| |_
>> :bifrost.ca.us.dal.net 372 anteo :-    ||)     | '_ \| | |_| '__/ _ \/ __| __|
>> :bifrost.ca.us.dal.net 372 anteo :-    |/      | |_) | |  _| | | (_) \__ \ |_
>> :bifrost.ca.us.dal.net 372 anteo :-   (||      |_.__/|_|_| |_|  \___/|___/\__|
>> :bifrost.ca.us.dal.net 372 anteo :-    ||                bifrost.ca.us.dal.net
>> :bifrost.ca.us.dal.net 372 anteo :-    ||)
>> :bifrost.ca.us.dal.net 372 anteo :-    |/   .__Administrators___________________.
>> :bifrost.ca.us.dal.net 372 anteo :-   (||   | * heimdall   [heimdall@dal.net]   |
>> :bifrost.ca.us.dal.net 372 anteo :-    ||   | * tau        [tau@dal.net]        |
>> :bifrost.ca.us.dal.net 372 anteo :-    ||)  |                                   |
>> :bifrost.ca.us.dal.net 372 anteo :-    |/   .__Operators________________________.
>> :bifrost.ca.us.dal.net 372 anteo :-   (||   | * adam       [adam@dal.net]       |
>> :bifrost.ca.us.dal.net 372 anteo :-    ||   | * chalcedony [chalcedony@dal.net] |
>> :bifrost.ca.us.dal.net 372 anteo :-    ||)  | * Estella    [estella@dal.net]    |
>> :bifrost.ca.us.dal.net 372 anteo :-    |/   | * jeian      [jeian@dal.net]      |
>> :bifrost.ca.us.dal.net 372 anteo :-   (||   | * knas       [knas@dal.net]       |
>> :bifrost.ca.us.dal.net 372 anteo :-    ||   | * phil       [phil@dal.net]       |
>> :bifrost.ca.us.dal.net 372 anteo :-    ||)  | * Mobscene   [mobscene@dal.net]   |
>> :bifrost.ca.us.dal.net 372 anteo :-    |/   |                                   |
>> :bifrost.ca.us.dal.net 372 anteo :-   (||   .__Rules____________________________.
>> :bifrost.ca.us.dal.net 372 anteo :-    ||   | * No malicious bots.              |
>> :bifrost.ca.us.dal.net 372 anteo :-    ||)  | * No channel fillers of any kind. |
>> :bifrost.ca.us.dal.net 372 anteo :-    |/   | * No user/operator impersonators. |
>> :bifrost.ca.us.dal.net 372 anteo :-   (|/   |                                   |
>> :bifrost.ca.us.dal.net 372 anteo :-    ||   .__Channels_________________________.
>> :bifrost.ca.us.dal.net 372 anteo :-    ||   | * #OperHelp -> IRC Operator help  |
>> :bifrost.ca.us.dal.net 372 anteo :-    ||   | * #Help -> IRC/services help      |
>> :bifrost.ca.us.dal.net 372 anteo :-    ||   | * #Dragonrealm -> Network base    |
>> :bifrost.ca.us.dal.net 372 anteo :-   (OO)   ~~~~~~~~~~~~~~~~~~~~~~~~~~~~~~~~~~~
>> :bifrost.ca.us.dal.net 372 anteo :-    ()
>> :bifrost.ca.us.dal.net 372 anteo :-
>> :bifrost.ca.us.dal.net 372 anteo :-        In loving memory of Carlos Anibarro.
>> :bifrost.ca.us.dal.net 372 anteo :-
>> :bifrost.ca.us.dal.net 372 anteo :-    By connecting to this network, you agree to
>> :bifrost.ca.us.dal.net 372 anteo :-    abide by its acceptable use policy (AUP),
>> :bifrost.ca.us.dal.net 372 anteo :-    available on our website:
>> :bifrost.ca.us.dal.net 372 anteo :-                      https://www.dal.net/aup
>> :bifrost.ca.us.dal.net 376 anteo :End of /MOTD command.
>> :anteo MODE anteo :+iH
<< PING bifrost.ca.us.dal.net
>> :bifrost.ca.us.dal.net PONG bifrost.ca.us.dal.net :anteo
--> lag pong
<< PING bifrost.ca.us.dal.net
>> :bifrost.ca.us.dal.net PONG bifrost.ca.us.dal.net :anteo
--> lag pong
<< PING bifrost.ca.us.dal.net
>> :bifrost.ca.us.dal.net PONG bifrost.ca.us.dal.net :anteo
--> lag pong
<< PING bifrost.ca.us.dal.net
>> :bifrost.ca.us.dal.net PONG bifrost.ca.us.dal.net :anteo
--> lag pong
<< PING bifrost.ca.us.dal.net
>> :bifrost.ca.us.dal.net PONG bifrost.ca.us.dal.net :anteo
--> lag pong
<< PING bifrost.ca.us.dal.net
>> :bifrost.ca.us.dal.net PONG bifrost.ca.us.dal.net :anteo
--> lag pong
<< PING bifrost.ca.us.dal.net
>> :bifrost.ca.us.dal.net PONG bifrost.ca.us.dal.net :anteo
--> lag pong
<< JOIN #cweiocwic
>> :anteo!~anteo@5626-2a9c-92a4-503c-675e.149.203.ip JOIN :#cweiocwic
>> :bifrost.ca.us.dal.net 353 anteo = #cweiocwic :@anteo
>> :bifrost.ca.us.dal.net 366 anteo #cweiocwic :End of /NAMES list.
<< MODE #cweiocwic
>> :bifrost.ca.us.dal.net 324 anteo #cweiocwic +
--> chanquery mode
<< WHO #cweiocwic
>> :bifrost.ca.us.dal.net 329 anteo #cweiocwic 1756293540
--> event 329
>> :bifrost.ca.us.dal.net 352 anteo #cweiocwic ~anteo 5626-2a9c-92a4-503c-675e.149.203.ip bifrost.ca.us.dal.net anteo H@ :0 anteo
--> silent event who
>> :bifrost.ca.us.dal.net 315 anteo #cweiocwic :End of /WHO list.
--> chanquery who end
<< MODE #cweiocwic b
>> :bifrost.ca.us.dal.net 368 anteo #cweiocwic :End of Channel Ban List
--> chanquery ban end
<< PART #cweiocwic
>> :anteo!~anteo@5626-2a9c-92a4-503c-675e.149.203.ip PART #cweiocwic
<< PRIVMSG weioiwcieo ::hi testing channel invalidity
>> :bifrost.ca.us.dal.net 401 anteo weioiwcieo :No such nick/channel
<< PING bifrost.ca.us.dal.net
>> :bifrost.ca.us.dal.net PONG bifrost.ca.us.dal.net :anteo
--> lag pong
<< PRIVMSG #weioiwcieo ::hi testing channel invalidity
>> :bifrost.ca.us.dal.net 401 anteo #weioiwcieo :No such nick/channel
<< QUIT :leaving
