<< CAP LS
<< NICK anteo
<< USER anteo anteo irc.dal.net :anteo
>> :halcyon.il.us.dal.net NOTICE AUTH :*** Looking up your hostname...
>> :halcyon.il.us.dal.net NOTICE AUTH :*** Your forward and reverse DNS do not match, ignoring hostname. [203.149.201.182 != 203.149.201.178]
>> :halcyon.il.us.dal.net NOTICE AUTH :*** Found your hostname
>> :halcyon.il.us.dal.net 001 anteo :Welcome to the DALnet IRC Network anteo!~anteo@203.149.201.178
<< MODE anteo +i
>> :halcyon.il.us.dal.net 002 anteo :Your host is halcyon.il.us.dal.net, running version bahamut-2.2.4
>> :halcyon.il.us.dal.net 003 anteo :This server was created Fri Nov 22 2024 at 14:35:51 UTC
>> :halcyon.il.us.dal.net 004 anteo halcyon.il.us.dal.net bahamut-2.2.4 aAbcCdefFghHiIjkKmnoOPrRsSwxXy AbceiIjklLmMnoOpPrRsStv beIjklov
>> :halcyon.il.us.dal.net 005 anteo NETWORK=DALnet SAFELIST MAXBANS=200 MAXCHANNELS=50 CHANNELLEN=32 KICKLEN=307 NICKLEN=30 TOPICLEN=307 MODES=6 CHANTYPES=# CHANLIMIT=#:50 PREFIX=(ohv)@%+ STATUSMSG=@%+ :are available on this server
>> :halcyon.il.us.dal.net 005 anteo CASEMAPPING=ascii WATCH=128 SILENCE=10 ELIST=cmntu EXCEPTS INVEX CHANMODES=beI,k,jl,ciPAmMnOprRsSt MAXLIST=b:200,e:100,I:100 TARGMAX=DCCALLOW:,JOIN:,KICK:4,KILL:20,NOTICE:20,PART:,PRIVMSG:20,WHOIS:,WHOWAS: :are available on this server
>> :halcyon.il.us.dal.net 251 anteo :There are 90 users and 6285 invisible on 39 servers
>> :halcyon.il.us.dal.net 252 anteo 82 :IRC Operators online
>> :halcyon.il.us.dal.net 254 anteo 3480 :channels formed
>> :halcyon.il.us.dal.net 255 anteo :I have 1096 clients and 1 servers
>> :halcyon.il.us.dal.net 265 anteo :Current local users: 1096 Max: 1845
>> :halcyon.il.us.dal.net 266 anteo :Current global users: 6375 Max: 8275
>> :halcyon.il.us.dal.net NOTICE anteo :*** Notice -- motd was last changed at 2/9/2024 13:45
>> :halcyon.il.us.dal.net 375 anteo :- halcyon.il.us.dal.net Message of the Day -
>> :halcyon.il.us.dal.net 372 anteo :-2/9/2024 13:45
>> :halcyon.il.us.dal.net 372 anteo :-              _  _ ____ _    ____ _ _ ____ __ _
>> :halcyon.il.us.dal.net 372 anteo :-              |--| |--| |___ |___  Y  [__] | \|
>> :halcyon.il.us.dal.net 372 anteo :-
>> :halcyon.il.us.dal.net 372 anteo :-                 [ halcyon.il.us.dal.net    ]
>> :halcyon.il.us.dal.net 372 anteo :-
>> :halcyon.il.us.dal.net 372 anteo :-                 [ Accessible via...        ]
>> :halcyon.il.us.dal.net 372 anteo :-                 [ ipv4: halcyon.dal.net    ]
>> :halcyon.il.us.dal.net 372 anteo :-                 [ ipv6: halcyon-v6.dal.net ]
>> :halcyon.il.us.dal.net 372 anteo :-
>> :halcyon.il.us.dal.net 372 anteo :- Welcome to DALnet!  By connecting to this network, you agree to abide
>> :halcyon.il.us.dal.net 372 anteo :- by its acceptable use policy, available here: http://www.dal.net/aup
>> :halcyon.il.us.dal.net 372 anteo :-
>> :halcyon.il.us.dal.net 372 anteo :- Server Policies:
>> :halcyon.il.us.dal.net 372 anteo :-
>> :halcyon.il.us.dal.net 372 anteo :-    *   We reserve the right to deny access to this server without
>> :halcyon.il.us.dal.net 372 anteo :-        warning or explanation
>> :halcyon.il.us.dal.net 372 anteo :-    *   No malicious bots, including flood and nick/channel chasers
>> :halcyon.il.us.dal.net 372 anteo :-    *   No channel filler bots/clients/psybncs
>> :halcyon.il.us.dal.net 372 anteo :-          - A channel filler is a client, bnc, or bot which is
>> :halcyon.il.us.dal.net 372 anteo :-            connected just to fill a channel and make it look
>> :halcyon.il.us.dal.net 372 anteo :-            bigger
>> :halcyon.il.us.dal.net 372 anteo :-    *   Operator impersonation, spamming, or any other abuse will
>> :halcyon.il.us.dal.net 372 anteo :-        cause you to be banned from this server
>> :halcyon.il.us.dal.net 372 anteo :-    *   Abide by DALnet's AUP (www.dal.net/aup)
>> :halcyon.il.us.dal.net 372 anteo :-    *   Please have fun and enjoy DALnet!
>> :halcyon.il.us.dal.net 372 anteo :-
>> :halcyon.il.us.dal.net 372 anteo :-      ///admins////////////////////////////////////////
>> :halcyon.il.us.dal.net 372 anteo :-      //                                             //
>> :halcyon.il.us.dal.net 372 anteo :-      //  [ brandon - administrator             ]    //
>> :halcyon.il.us.dal.net 372 anteo :-      //  [ klb     - assistant administrator   ]    //
>> :halcyon.il.us.dal.net 372 anteo :-      //                                             //
>> :halcyon.il.us.dal.net 372 anteo :-      ///operators/////////////////////////////////////
>> :halcyon.il.us.dal.net 372 anteo :-      //                                             //
>> :halcyon.il.us.dal.net 372 anteo :-      //  [ guppy  ] [ oldcrow  ] [ rasengan ]       //
>> :halcyon.il.us.dal.net 372 anteo :-      //  [ s2pid  ] [ lilmiss  ] [ kiraela  ]       //
>> :halcyon.il.us.dal.net 372 anteo :-      //  [ DTC    ] [ io       ]                    //
>> :halcyon.il.us.dal.net 372 anteo :-      //                                             //
>> :halcyon.il.us.dal.net 372 anteo :-      /////////////////////////////////////////////////
>> :halcyon.il.us.dal.net 372 anteo :-
>> :halcyon.il.us.dal.net 372 anteo :-
>> :halcyon.il.us.dal.net 372 anteo :- For IRCop assistance, please /join #operhelp or message one of our
>> :halcyon.il.us.dal.net 372 anteo :- friendly server staff listed above.
>> :halcyon.il.us.dal.net 372 anteo :-
>> :halcyon.il.us.dal.net 372 anteo :- For multilingual information:  <http://docs.dal.net/>
>> :halcyon.il.us.dal.net 372 anteo :-
>> :halcyon.il.us.dal.net 372 anteo :- Thank you for using DALnet!  We hope you have a pleasant day.
>> :halcyon.il.us.dal.net 376 anteo :End of /MOTD command.
>> :anteo MODE anteo :+iH
<< PING halcyon.il.us.dal.net
>> :halcyon.il.us.dal.net PONG halcyon.il.us.dal.net :anteo
--> lag pong
<< JOIN #qwerty
>> :anteo!~anteo@5626-2a9c-92a4-503c-675e.149.203.ip JOIN :#qwerty
>> :halcyon.il.us.dal.net 353 anteo = #qwerty :@anteo
>> :halcyon.il.us.dal.net 366 anteo #qwerty :End of /NAMES list.
<< MODE #qwerty
>> :halcyon.il.us.dal.net 324 anteo #qwerty +
--> chanquery mode
<< WHO #qwerty
>> :halcyon.il.us.dal.net 329 anteo #qwerty 1756296483
--> event 329
>> :halcyon.il.us.dal.net 352 anteo #qwerty ~anteo 5626-2a9c-92a4-503c-675e.149.203.ip halcyon.il.us.dal.net anteo H@ :0 anteo
--> silent event who
>> :halcyon.il.us.dal.net 315 anteo #qwerty :End of /WHO list.
--> chanquery who end
<< MODE #qwerty b
>> :halcyon.il.us.dal.net 368 anteo #qwerty :End of Channel Ban List
--> chanquery ban end
<< PING halcyon.il.us.dal.net
>> :halcyon.il.us.dal.net PONG halcyon.il.us.dal.net :anteo
--> lag pong
>> :elfoo!~elfoo@5626-2a9c-92a4-503c-675e.149.203.ip JOIN :#qwerty
>> :elfoo!~elfoo@5626-2a9c-92a4-503c-675e.149.203.ip PRIVMSG #qwerty :hello anteo!
<< PING halcyon.il.us.dal.net
>> :halcyon.il.us.dal.net PONG halcyon.il.us.dal.net :anteo
--> lag pong
<< PRIVMSG #qwerty :hi elise
<< PING halcyon.il.us.dal.net
>> :halcyon.il.us.dal.net PONG halcyon.il.us.dal.net :anteo
--> lag pong
<< PING halcyon.il.us.dal.net
>> :halcyon.il.us.dal.net PONG halcyon.il.us.dal.net :anteo
--> lag pong
<< PING halcyon.il.us.dal.net
>> :halcyon.il.us.dal.net PONG halcyon.il.us.dal.net :anteo
--> lag pong
<< PING halcyon.il.us.dal.net
>> :halcyon.il.us.dal.net PONG halcyon.il.us.dal.net :anteo
--> lag pong
<< PING halcyon.il.us.dal.net
>> :halcyon.il.us.dal.net PONG halcyon.il.us.dal.net :anteo
--> lag pong
<< QUIT :leaving
